"transitive-0"
"transitive-1"
"transitive-2"
"transitive-3"