






    $display(">> %s, %d: %s", "sv_pp/src/debug_macro.txt", 3, "msg")
